// Jest Snapshot v1, https://goo.gl/fbAQLP

exports[`<Footer /> renders correctly 1`] = `
<footer
  className="Footer__Wrapper-sc-3hcybg-0 hnprtd"
>
  <p>
    Â© 
    2019
     Taekni, Inc.
  </p>
</footer>
`;
