// Jest Snapshot v1, https://goo.gl/fbAQLP

exports[`<About /> renders correctly 1`] = `
<section
  className="About__Wrapper-r6nm9a-0 fvjtwO"
>
  <p
    className="intro"
  >
    This is the about page.
  </p>
</section>
`;
